[0;37;40m                                        
[0;37;40m████████ [0;30;40m█[0;37;40m       █████  [0;30;40m███[0;37;40m [0;30;40m█[0;37;40m [0;30;40m████[0;37;40m [0;30;40m█[0;37;40m███ 
[0;37;40m████████[0;30;40m█[0;37;40m  [0;30;40m█[0;37;40m█████   ███            ██   
[0;30;40m███[0;37;40m  ████ █████  ██ ███  [0;30;40m██[0;37;40m   [0;30;40m██[0;37;40m██  ██  
[0;37;40m ████████ ████ █    ███■████   ███  ██  
[0;37;40m ██    ██ ████   ██ ███   ███  ████  █  
[0;37;40m█ ███████  [0;30;40m█[0;37;40m████[0;30;40m██[0;37;40m  ███ [0;30;40m██[0;37;40m [0;30;40m█[0;37;40m█   ██████ █
[0;37;40m  ██████[0;30;40m██[0;37;40m██████[0;30;40m████[0;37;40m ███  [0;30;40m█[0;37;40m ██ █ ████ ██
[0;37;40m████████████████████████████████████████
[0;37;40m     ████████████████████████████████   
[0;37;40m                                        
[0;37;40m                                        
[0;37;40m   Place 4 some text                    
[0;37;40m                                        
[0;37;40m                                        
[0;30;40m████████████████████████████████████████[0m
