[0;37;40m$I     I$$$$$$$$i  ^  i$$$$guyy.$$$$i   
[0;37;40m$i     i$$$$$$$$;     ;$$$$$$$$;$$$$;   
[0;37;40m$;     ;$$$$$$$$;     ;$$$$I$$$:$$$$;   
[0;37;40m$;     ;$$$$$$$$i     i$$$$l$$$i$$$$i   
[0;37;40m$i     i$$$$$$$$I $i     i$$$$$$$$$$I   
[0;37;40m$I     I$$$$`²÷$$ $i     i$$$$$$`²÷$$bg,
[0;37;40m$$bg,gd$$÷²'      $;     ;$$$$$$        
[0;37;40m ,,        xx     $;     ;$$$$$$ x xxx x
[0;37;40mb  d$""""$b  d$"""$i     i$$$$$$        
[0;37;40m$  $$    $$  $$   $I     I$$$$`²NZ!cMc..
[0;37;40m$""$$    $$  $$   $$bg,gd$$÷²'  ""      
[0;37;40m$  $$ssssss  $$    $$  $$""$$           
[0;37;40m$  gg    $$""$$    $$""$$  $$           
[0;37;40m$  Y$ssss$P  Y$ssss$P  $P  $P           
[0;37;40m                                        
[0;37;40mMiC!aSCii )) ))sssssssssssssssssssssssss[0m
