[0;37;40m███                                     
[0;37;40m███                                     
[0;37;40m███                                     
[0;37;40m███                                     
[0;37;40m███                                     
[0;37;40m███                                     
[0;37;40m████████[0;30;40m████████████████████████████████
[0;37;40m██ ███                                  
[0;37;40m██ █████ ██ iNSTALLATiON iNFORMATiON ███
[0;37;40m██                                     █
[0;30;40m██[0;37;40m  If you do not know how to install a 
[0;30;40m██[0;37;40m  and kill yer self .                 
[0;37;40m                                        
[0;37;40m                                        
[0;37;40m                                        
[0;37;40m                                        [0m
