[0;37;40m                                        
[0;37;40m    x  ,yQ$$²"^"²$$Qy.               ,yQ
[0;37;40m       $$$$I     i$$$$.yQ$$²"^"²$$Qy.$$$
[0;37;40m       $$$$i     ;$$$$$$$$I     I$$$$$$$
[0;37;40m    x  $$$$;     I$$$$$$$$i     i$$$$$$$
[0;37;40m                 ggggg$$$$;     ;$$$$$$$
[0;37;40m                 l$$$$$$$$;     ;$$$$$$$
[0;37;40m                 l$$$$$$$$i     i$$$$$$$
[0;37;40m                d$$÷²'$$$$I     I$$$$`²÷
[0;37;40m                      `²÷$$bg,gd$$÷²'   
[0;37;40m                          ,,        xx  
[0;37;40m                  d$""""$b  d$""""$b  d$
[0;37;40m                  $$    $$  $$    $$  $$
[0;37;40m      `$$.        ""    $$""$$    $$  $$
[0;37;40m       `$$.       d$""""$$  $$ssssss  $$
[0;37;40m        `$$.      $$    $$  gg    $$""$$[0m
